mode: set
github.com/Pay8583/iso8583/cmd/iso8583/main.go:29.13,30.22 1 0
github.com/Pay8583/iso8583/cmd/iso8583/main.go:30.22,33.3 2 0
github.com/Pay8583/iso8583/cmd/iso8583/main.go:34.2,34.20 1 0
github.com/Pay8583/iso8583/cmd/iso8583/main.go:35.16,36.25 1 0
github.com/Pay8583/iso8583/cmd/iso8583/main.go:37.16,38.25 1 0
github.com/Pay8583/iso8583/cmd/iso8583/main.go:39.14,40.23 1 0
github.com/Pay8583/iso8583/cmd/iso8583/main.go:41.16,42.25 1 0
github.com/Pay8583/iso8583/cmd/iso8583/main.go:43.15,44.13 1 0
github.com/Pay8583/iso8583/cmd/iso8583/main.go:45.10,48.13 3 0
github.com/Pay8583/iso8583/cmd/iso8583/main.go:52.14,60.2 1 0
github.com/Pay8583/iso8583/cmd/iso8583/main.go:62.46,63.33 1 0
github.com/Pay8583/iso8583/cmd/iso8583/main.go:63.33,65.3 1 0
github.com/Pay8583/iso8583/cmd/iso8583/main.go:66.2,66.27 1 0
github.com/Pay8583/iso8583/cmd/iso8583/main.go:69.61,70.16 1 0
github.com/Pay8583/iso8583/cmd/iso8583/main.go:71.13,72.58 1 0
github.com/Pay8583/iso8583/cmd/iso8583/main.go:73.16,74.73 1 0
github.com/Pay8583/iso8583/cmd/iso8583/main.go:75.13,76.18 1 0
github.com/Pay8583/iso8583/cmd/iso8583/main.go:77.10,78.55 1 0
github.com/Pay8583/iso8583/cmd/iso8583/main.go:84.31,95.16 10 0
github.com/Pay8583/iso8583/cmd/iso8583/main.go:95.16,98.3 2 0
github.com/Pay8583/iso8583/cmd/iso8583/main.go:99.2,100.16 2 0
github.com/Pay8583/iso8583/cmd/iso8583/main.go:100.16,103.3 2 0
github.com/Pay8583/iso8583/cmd/iso8583/main.go:105.2,106.16 2 0
github.com/Pay8583/iso8583/cmd/iso8583/main.go:106.16,109.3 2 0
github.com/Pay8583/iso8583/cmd/iso8583/main.go:111.2,112.41 2 0
github.com/Pay8583/iso8583/cmd/iso8583/main.go:112.41,115.3 2 0
github.com/Pay8583/iso8583/cmd/iso8583/main.go:117.2,117.13 1 0
github.com/Pay8583/iso8583/cmd/iso8583/main.go:117.13,119.3 1 0
github.com/Pay8583/iso8583/cmd/iso8583/main.go:119.8,121.3 1 0
github.com/Pay8583/iso8583/cmd/iso8583/main.go:124.40,134.28 7 0
github.com/Pay8583/iso8583/cmd/iso8583/main.go:134.28,136.3 1 0
github.com/Pay8583/iso8583/cmd/iso8583/main.go:137.2,140.28 3 0
github.com/Pay8583/iso8583/cmd/iso8583/main.go:140.28,145.20 4 0
github.com/Pay8583/iso8583/cmd/iso8583/main.go:145.20,147.4 1 0
github.com/Pay8583/iso8583/cmd/iso8583/main.go:148.3,148.50 1 0
github.com/Pay8583/iso8583/cmd/iso8583/main.go:152.39,169.28 5 0
github.com/Pay8583/iso8583/cmd/iso8583/main.go:169.28,171.3 1 0
github.com/Pay8583/iso8583/cmd/iso8583/main.go:172.2,173.28 2 0
github.com/Pay8583/iso8583/cmd/iso8583/main.go:173.28,175.3 1 0
github.com/Pay8583/iso8583/cmd/iso8583/main.go:176.2,176.23 1 0
github.com/Pay8583/iso8583/cmd/iso8583/main.go:176.23,178.3 1 0
github.com/Pay8583/iso8583/cmd/iso8583/main.go:179.2,181.17 3 0
github.com/Pay8583/iso8583/cmd/iso8583/main.go:186.31,196.16 9 0
github.com/Pay8583/iso8583/cmd/iso8583/main.go:196.16,199.3 2 0
github.com/Pay8583/iso8583/cmd/iso8583/main.go:201.2,202.50 2 0
github.com/Pay8583/iso8583/cmd/iso8583/main.go:202.50,204.17 2 0
github.com/Pay8583/iso8583/cmd/iso8583/main.go:204.17,205.12 1 0
github.com/Pay8583/iso8583/cmd/iso8583/main.go:207.3,208.19 2 0
github.com/Pay8583/iso8583/cmd/iso8583/main.go:208.19,211.4 2 0
github.com/Pay8583/iso8583/cmd/iso8583/main.go:212.3,213.65 2 0
github.com/Pay8583/iso8583/cmd/iso8583/main.go:213.65,216.4 2 0
github.com/Pay8583/iso8583/cmd/iso8583/main.go:217.3,217.20 1 0
github.com/Pay8583/iso8583/cmd/iso8583/main.go:220.2,221.16 2 0
github.com/Pay8583/iso8583/cmd/iso8583/main.go:221.16,224.3 2 0
github.com/Pay8583/iso8583/cmd/iso8583/main.go:226.2,226.16 1 0
github.com/Pay8583/iso8583/cmd/iso8583/main.go:227.13,228.40 1 0
github.com/Pay8583/iso8583/cmd/iso8583/main.go:229.16,230.55 1 0
github.com/Pay8583/iso8583/cmd/iso8583/main.go:231.13,232.24 1 0
github.com/Pay8583/iso8583/cmd/iso8583/main.go:238.29,246.19 7 0
github.com/Pay8583/iso8583/cmd/iso8583/main.go:246.19,249.3 2 0
github.com/Pay8583/iso8583/cmd/iso8583/main.go:251.2,252.16 2 0
github.com/Pay8583/iso8583/cmd/iso8583/main.go:252.16,255.3 2 0
github.com/Pay8583/iso8583/cmd/iso8583/main.go:256.2,257.16 2 0
github.com/Pay8583/iso8583/cmd/iso8583/main.go:257.16,260.3 2 0
github.com/Pay8583/iso8583/cmd/iso8583/main.go:262.2,263.16 2 0
github.com/Pay8583/iso8583/cmd/iso8583/main.go:263.16,266.3 2 0
github.com/Pay8583/iso8583/cmd/iso8583/main.go:268.2,269.16 2 0
github.com/Pay8583/iso8583/cmd/iso8583/main.go:269.16,272.3 2 0
github.com/Pay8583/iso8583/cmd/iso8583/main.go:273.2,273.38 1 0
github.com/Pay8583/iso8583/cmd/iso8583/main.go:278.31,287.36 8 0
github.com/Pay8583/iso8583/cmd/iso8583/main.go:287.36,290.3 2 0
github.com/Pay8583/iso8583/cmd/iso8583/main.go:292.2,293.16 2 0
github.com/Pay8583/iso8583/cmd/iso8583/main.go:293.16,296.3 2 0
github.com/Pay8583/iso8583/cmd/iso8583/main.go:297.2,298.16 2 0
github.com/Pay8583/iso8583/cmd/iso8583/main.go:298.16,301.3 2 0
github.com/Pay8583/iso8583/cmd/iso8583/main.go:302.2,303.16 2 0
github.com/Pay8583/iso8583/cmd/iso8583/main.go:303.16,306.3 2 0
github.com/Pay8583/iso8583/cmd/iso8583/main.go:307.2,308.16 2 0
github.com/Pay8583/iso8583/cmd/iso8583/main.go:308.16,311.3 2 0
github.com/Pay8583/iso8583/cmd/iso8583/main.go:313.2,314.16 2 0
github.com/Pay8583/iso8583/cmd/iso8583/main.go:314.16,317.3 2 0
github.com/Pay8583/iso8583/cmd/iso8583/main.go:319.2,319.70 1 0
github.com/Pay8583/iso8583/cmd/iso8583/main.go:319.70,322.3 2 0
github.com/Pay8583/iso8583/cmd/iso8583/main.go:323.2,323.27 1 0
github.com/Pay8583/iso8583/cmd/iso8583/main.go:328.17,329.35 1 0
github.com/Pay8583/iso8583/cmd/iso8583/main.go:329.35,331.17 2 0
github.com/Pay8583/iso8583/cmd/iso8583/main.go:331.17,332.12 1 0
github.com/Pay8583/iso8583/cmd/iso8583/main.go:334.3,335.31 2 0
github.com/Pay8583/iso8583/cmd/iso8583/main.go:335.31,336.33 1 0
github.com/Pay8583/iso8583/cmd/iso8583/main.go:336.33,338.5 1 0
github.com/Pay8583/iso8583/cmd/iso8583/main.go:340.3,341.77 1 0
github.com/Pay8583/iso8583/cmd/iso8583/main.go:347.65,348.13 1 0
github.com/Pay8583/iso8583/cmd/iso8583/main.go:349.21,350.56 1 0
github.com/Pay8583/iso8583/cmd/iso8583/main.go:351.21,352.56 1 0
github.com/Pay8583/iso8583/cmd/iso8583/main.go:353.27,354.90 1 0
github.com/Pay8583/iso8583/cmd/iso8583/main.go:355.27,356.90 1 0
github.com/Pay8583/iso8583/cmd/iso8583/main.go:357.23,358.21 1 0
github.com/Pay8583/iso8583/cmd/iso8583/main.go:358.21,360.4 1 0
github.com/Pay8583/iso8583/cmd/iso8583/main.go:361.3,361.95 1 0
github.com/Pay8583/iso8583/cmd/iso8583/main.go:362.10,363.55 1 0
github.com/Pay8583/iso8583/cmd/iso8583/main.go:371.39,371.70 1 0
github.com/Pay8583/iso8583/cmd/iso8583/main.go:378.67,379.23 1 0
github.com/Pay8583/iso8583/cmd/iso8583/main.go:379.23,381.3 1 0
github.com/Pay8583/iso8583/cmd/iso8583/main.go:382.2,383.12 2 0
github.com/Pay8583/iso8583/cmd/iso8583/main.go:386.75,387.23 1 0
github.com/Pay8583/iso8583/cmd/iso8583/main.go:387.23,389.3 1 0
github.com/Pay8583/iso8583/cmd/iso8583/main.go:390.2,391.12 2 0
github.com/Pay8583/iso8583/cmd/iso8583/main.go:394.40,396.33 1 0
github.com/Pay8583/iso8583/cmd/iso8583/main.go:396.33,398.34 2 0
github.com/Pay8583/iso8583/cmd/iso8583/main.go:398.34,399.12 1 0
github.com/Pay8583/iso8583/cmd/iso8583/main.go:401.3,402.37 2 0
github.com/Pay8583/iso8583/cmd/iso8583/main.go:402.37,404.12 2 0
github.com/Pay8583/iso8583/cmd/iso8583/main.go:406.3,406.22 1 0
github.com/Pay8583/iso8583/cmd/iso8583/main.go:406.22,407.38 1 0
github.com/Pay8583/iso8583/cmd/iso8583/main.go:407.38,410.5 2 0
github.com/Pay8583/iso8583/mac/ecdsa.go:17.42,17.67 1 1
github.com/Pay8583/iso8583/mac/ecdsa.go:19.57,20.25 1 1
github.com/Pay8583/iso8583/mac/ecdsa.go:20.25,22.3 1 1
github.com/Pay8583/iso8583/mac/ecdsa.go:23.2,25.16 3 1
github.com/Pay8583/iso8583/mac/ecdsa.go:25.16,27.3 1 0
github.com/Pay8583/iso8583/mac/ecdsa.go:29.2,34.17 6 1
github.com/Pay8583/iso8583/mac/ecdsa.go:37.67,39.39 2 1
github.com/Pay8583/iso8583/mac/ecdsa.go:39.39,41.3 1 1
github.com/Pay8583/iso8583/mac/ecdsa.go:42.2,42.16 1 1
github.com/Pay8583/iso8583/mac/ecdsa.go:42.16,44.3 1 1
github.com/Pay8583/iso8583/mac/ecdsa.go:45.2,45.26 1 1
github.com/Pay8583/iso8583/mac/ecdsa.go:45.26,47.3 1 1
github.com/Pay8583/iso8583/mac/ecdsa.go:48.2,51.37 4 1
github.com/Pay8583/iso8583/mac/ecdsa.go:51.37,53.3 1 1
github.com/Pay8583/iso8583/mac/ecdsa.go:54.2,54.12 1 1
github.com/Pay8583/iso8583/mac/hmac.go:18.41,18.68 1 1
github.com/Pay8583/iso8583/mac/hmac.go:20.56,21.16 1 1
github.com/Pay8583/iso8583/mac/hmac.go:22.16,25.25 3 1
github.com/Pay8583/iso8583/mac/hmac.go:26.16,29.25 3 1
github.com/Pay8583/iso8583/mac/hmac.go:30.10,31.62 1 1
github.com/Pay8583/iso8583/mac/hmac.go:35.66,37.16 2 1
github.com/Pay8583/iso8583/mac/hmac.go:37.16,39.3 1 0
github.com/Pay8583/iso8583/mac/hmac.go:40.2,40.38 1 1
github.com/Pay8583/iso8583/mac/hmac.go:40.38,42.3 1 1
github.com/Pay8583/iso8583/mac/hmac.go:43.2,43.12 1 1
github.com/Pay8583/iso8583/mac/iso9797.go:21.42,21.80 1 1
github.com/Pay8583/iso8583/mac/iso9797.go:23.57,25.16 2 1
github.com/Pay8583/iso8583/mac/iso9797.go:25.16,27.3 1 1
github.com/Pay8583/iso8583/mac/iso9797.go:28.2,30.16 3 1
github.com/Pay8583/iso8583/mac/iso9797.go:30.16,32.3 1 0
github.com/Pay8583/iso8583/mac/iso9797.go:34.2,37.37 4 1
github.com/Pay8583/iso8583/mac/iso9797.go:40.67,42.16 2 1
github.com/Pay8583/iso8583/mac/iso9797.go:42.16,44.3 1 0
github.com/Pay8583/iso8583/mac/iso9797.go:45.2,45.37 1 1
github.com/Pay8583/iso8583/mac/iso9797.go:45.37,47.3 1 0
github.com/Pay8583/iso8583/mac/iso9797.go:48.2,48.26 1 1
github.com/Pay8583/iso8583/mac/iso9797.go:48.26,49.34 1 1
github.com/Pay8583/iso8583/mac/iso9797.go:49.34,51.4 1 1
github.com/Pay8583/iso8583/mac/iso9797.go:53.2,53.12 1 1
github.com/Pay8583/iso8583/mac/iso9797.go:63.42,63.72 1 1
github.com/Pay8583/iso8583/mac/iso9797.go:65.57,66.42 1 1
github.com/Pay8583/iso8583/mac/iso9797.go:66.42,68.3 1 1
github.com/Pay8583/iso8583/mac/iso9797.go:69.2,70.16 2 1
github.com/Pay8583/iso8583/mac/iso9797.go:70.16,72.3 1 0
github.com/Pay8583/iso8583/mac/iso9797.go:73.2,74.16 2 1
github.com/Pay8583/iso8583/mac/iso9797.go:74.16,76.3 1 0
github.com/Pay8583/iso8583/mac/iso9797.go:78.2,80.16 3 1
github.com/Pay8583/iso8583/mac/iso9797.go:80.16,82.3 1 0
github.com/Pay8583/iso8583/mac/iso9797.go:85.2,103.17 11 1
github.com/Pay8583/iso8583/mac/iso9797.go:106.67,108.16 2 1
github.com/Pay8583/iso8583/mac/iso9797.go:108.16,110.3 1 0
github.com/Pay8583/iso8583/mac/iso9797.go:111.2,111.37 1 1
github.com/Pay8583/iso8583/mac/iso9797.go:111.37,113.3 1 0
github.com/Pay8583/iso8583/mac/iso9797.go:114.2,114.26 1 1
github.com/Pay8583/iso8583/mac/iso9797.go:114.26,115.34 1 1
github.com/Pay8583/iso8583/mac/iso9797.go:115.34,117.4 1 1
github.com/Pay8583/iso8583/mac/iso9797.go:119.2,119.12 1 1
github.com/Pay8583/iso8583/mac/iso9797.go:122.69,123.20 1 1
github.com/Pay8583/iso8583/mac/iso9797.go:124.13,125.28 1 1
github.com/Pay8583/iso8583/mac/iso9797.go:126.13,127.28 1 1
github.com/Pay8583/iso8583/mac/iso9797.go:128.10,129.62 1 1
github.com/Pay8583/iso8583/mac/rsa.go:17.40,17.63 1 1
github.com/Pay8583/iso8583/mac/rsa.go:19.55,20.25 1 1
github.com/Pay8583/iso8583/mac/rsa.go:20.25,22.3 1 1
github.com/Pay8583/iso8583/mac/rsa.go:23.2,24.73 2 1
github.com/Pay8583/iso8583/mac/rsa.go:27.65,29.39 2 1
github.com/Pay8583/iso8583/mac/rsa.go:29.39,31.3 1 1
github.com/Pay8583/iso8583/mac/rsa.go:32.2,32.16 1 1
github.com/Pay8583/iso8583/mac/rsa.go:32.16,34.3 1 1
github.com/Pay8583/iso8583/mac/rsa.go:35.2,36.64 2 1
github.com/Pay8583/iso8583/bitmap.go:18.52,19.18 1 1
github.com/Pay8583/iso8583/bitmap.go:19.18,21.3 1 1
github.com/Pay8583/iso8583/bitmap.go:22.2,27.21 3 1
github.com/Pay8583/iso8583/bitmap.go:27.21,28.20 1 1
github.com/Pay8583/iso8583/bitmap.go:28.20,30.4 1 1
github.com/Pay8583/iso8583/bitmap.go:31.3,32.16 2 1
github.com/Pay8583/iso8583/bitmap.go:34.2,34.25 1 1
github.com/Pay8583/iso8583/bitmap.go:38.40,39.9 1 1
github.com/Pay8583/iso8583/bitmap.go:40.32,41.15 1 0
github.com/Pay8583/iso8583/bitmap.go:42.19,43.29 1 1
github.com/Pay8583/iso8583/bitmap.go:44.10,45.36 1 1
github.com/Pay8583/iso8583/bitmap.go:50.33,51.9 1 1
github.com/Pay8583/iso8583/bitmap.go:52.32,53.9 1 0
github.com/Pay8583/iso8583/bitmap.go:54.19,55.39 1 1
github.com/Pay8583/iso8583/bitmap.go:56.10,57.23 1 1
github.com/Pay8583/iso8583/bitmap.go:57.23,59.4 1 1
github.com/Pay8583/iso8583/bitmap.go:60.3,60.42 1 1
github.com/Pay8583/iso8583/bitmap.go:65.35,66.9 1 1
github.com/Pay8583/iso8583/bitmap.go:67.32,68.9 1 0
github.com/Pay8583/iso8583/bitmap.go:69.19,70.40 1 1
github.com/Pay8583/iso8583/bitmap.go:71.10,72.43 1 1
github.com/Pay8583/iso8583/bitmap.go:77.38,79.2 1 1
github.com/Pay8583/iso8583/bitmap.go:83.40,85.27 2 1
github.com/Pay8583/iso8583/bitmap.go:85.27,86.22 1 1
github.com/Pay8583/iso8583/bitmap.go:86.22,88.4 1 1
github.com/Pay8583/iso8583/bitmap.go:90.2,90.22 1 1
github.com/Pay8583/iso8583/bitmap.go:90.22,91.28 1 1
github.com/Pay8583/iso8583/bitmap.go:91.28,92.25 1 1
github.com/Pay8583/iso8583/bitmap.go:92.25,94.5 1 1
github.com/Pay8583/iso8583/bitmap.go:97.2,98.15 2 1
github.com/Pay8583/iso8583/bitmap.go:102.33,103.22 1 1
github.com/Pay8583/iso8583/bitmap.go:103.22,108.3 4 1
github.com/Pay8583/iso8583/bitmap.go:109.2,111.12 3 1
github.com/Pay8583/iso8583/bitmap.go:115.26,118.2 2 1
github.com/Pay8583/iso8583/bitmap.go:121.41,123.2 1 1
github.com/Pay8583/iso8583/bitmap.go:126.43,128.2 1 1
github.com/Pay8583/iso8583/codec.go:16.51,18.30 2 1
github.com/Pay8583/iso8583/codec.go:18.30,20.3 1 1
github.com/Pay8583/iso8583/codec.go:21.2,21.33 1 1
github.com/Pay8583/iso8583/codec.go:21.33,23.3 1 1
github.com/Pay8583/iso8583/codec.go:25.2,26.16 2 1
github.com/Pay8583/iso8583/codec.go:26.16,28.3 1 0
github.com/Pay8583/iso8583/codec.go:29.2,29.29 1 1
github.com/Pay8583/iso8583/codec.go:34.56,36.44 2 1
github.com/Pay8583/iso8583/codec.go:36.44,38.3 1 1
github.com/Pay8583/iso8583/codec.go:39.2,40.33 2 1
github.com/Pay8583/iso8583/codec.go:40.33,42.3 1 0
github.com/Pay8583/iso8583/codec.go:44.2,45.16 2 1
github.com/Pay8583/iso8583/codec.go:45.16,47.3 1 0
github.com/Pay8583/iso8583/codec.go:48.2,48.36 1 1
github.com/Pay8583/iso8583/codec.go:59.65,62.31 3 1
github.com/Pay8583/iso8583/codec.go:62.31,66.26 4 1
github.com/Pay8583/iso8583/codec.go:66.26,67.12 1 0
github.com/Pay8583/iso8583/codec.go:69.3,70.17 2 1
github.com/Pay8583/iso8583/codec.go:70.17,72.4 1 0
github.com/Pay8583/iso8583/codec.go:73.3,73.64 1 1
github.com/Pay8583/iso8583/codec.go:75.2,75.20 1 1
github.com/Pay8583/iso8583/codec.go:79.70,84.28 4 1
github.com/Pay8583/iso8583/codec.go:84.28,85.19 1 1
github.com/Pay8583/iso8583/codec.go:85.19,87.12 2 1
github.com/Pay8583/iso8583/codec.go:89.3,89.29 1 1
github.com/Pay8583/iso8583/codec.go:89.29,90.12 1 0
github.com/Pay8583/iso8583/codec.go:92.3,94.32 3 1
github.com/Pay8583/iso8583/codec.go:94.32,95.12 1 0
github.com/Pay8583/iso8583/codec.go:97.3,98.22 2 1
github.com/Pay8583/iso8583/codec.go:98.22,102.4 1 0
github.com/Pay8583/iso8583/codec.go:103.3,106.17 3 1
github.com/Pay8583/iso8583/codec.go:106.17,108.4 1 0
github.com/Pay8583/iso8583/codec.go:109.3,109.30 1 1
github.com/Pay8583/iso8583/codec.go:109.30,110.53 1 1
github.com/Pay8583/iso8583/codec.go:110.53,111.13 1 1
github.com/Pay8583/iso8583/codec.go:114.3,114.23 1 1
github.com/Pay8583/iso8583/codec.go:117.2,117.15 1 1
github.com/Pay8583/iso8583/codec.go:117.15,119.3 1 1
github.com/Pay8583/iso8583/codec.go:120.2,120.19 1 1
github.com/Pay8583/iso8583/codec.go:120.19,122.3 1 0
github.com/Pay8583/iso8583/codec.go:125.2,130.52 2 1
github.com/Pay8583/iso8583/codec.go:135.94,139.28 3 1
github.com/Pay8583/iso8583/codec.go:139.28,141.3 1 1
github.com/Pay8583/iso8583/codec.go:142.2,147.28 4 1
github.com/Pay8583/iso8583/codec.go:147.28,149.16 2 1
github.com/Pay8583/iso8583/codec.go:149.16,150.12 1 0
github.com/Pay8583/iso8583/codec.go:152.3,153.17 2 1
github.com/Pay8583/iso8583/codec.go:153.17,155.4 1 0
github.com/Pay8583/iso8583/codec.go:156.3,156.24 1 1
github.com/Pay8583/iso8583/codec.go:157.19,158.24 1 1
github.com/Pay8583/iso8583/codec.go:159.19,160.25 1 1
github.com/Pay8583/iso8583/codec.go:161.20,162.25 1 0
github.com/Pay8583/iso8583/codec.go:163.21,164.25 1 0
github.com/Pay8583/iso8583/codec.go:168.2,172.16 3 1
github.com/Pay8583/iso8583/codec.go:172.16,174.3 1 0
github.com/Pay8583/iso8583/codec.go:177.2,180.28 2 1
github.com/Pay8583/iso8583/codec.go:180.28,183.17 3 1
github.com/Pay8583/iso8583/codec.go:183.17,185.4 1 0
github.com/Pay8583/iso8583/codec.go:187.2,187.17 1 1
github.com/Pay8583/iso8583/codec.go:191.90,192.31 1 1
github.com/Pay8583/iso8583/codec.go:192.31,194.3 1 1
github.com/Pay8583/iso8583/codec.go:195.2,195.22 1 0
github.com/Pay8583/iso8583/codec.go:199.52,201.24 2 0
github.com/Pay8583/iso8583/codec.go:201.24,203.3 1 0
github.com/Pay8583/iso8583/codec.go:203.8,205.3 1 0
github.com/Pay8583/iso8583/codec.go:206.2,206.25 1 0
github.com/Pay8583/iso8583/codec.go:206.25,208.3 1 0
github.com/Pay8583/iso8583/codec.go:209.2,209.26 1 0
github.com/Pay8583/iso8583/codec.go:209.26,210.50 1 0
github.com/Pay8583/iso8583/codec.go:210.50,212.4 1 0
github.com/Pay8583/iso8583/codec.go:214.2,214.23 1 0
github.com/Pay8583/iso8583/codec.go:214.23,216.3 1 0
github.com/Pay8583/iso8583/codec.go:217.2,217.22 1 0
github.com/Pay8583/iso8583/codec.go:217.22,219.3 1 0
github.com/Pay8583/iso8583/codec.go:220.2,220.20 1 0
github.com/Pay8583/iso8583/codec.go:220.20,222.3 1 0
github.com/Pay8583/iso8583/codec.go:223.2,224.11 2 0
github.com/Pay8583/iso8583/codec.go:228.74,230.31 2 1
github.com/Pay8583/iso8583/codec.go:230.31,234.26 4 1
github.com/Pay8583/iso8583/codec.go:234.26,235.12 1 0
github.com/Pay8583/iso8583/codec.go:237.3,238.17 2 1
github.com/Pay8583/iso8583/codec.go:238.17,240.4 1 0
github.com/Pay8583/iso8583/codec.go:242.3,242.15 1 1
github.com/Pay8583/iso8583/codec.go:242.15,244.12 2 1
github.com/Pay8583/iso8583/codec.go:246.3,246.25 1 1
github.com/Pay8583/iso8583/codec.go:246.25,247.12 1 0
github.com/Pay8583/iso8583/codec.go:250.3,251.10 2 1
github.com/Pay8583/iso8583/codec.go:251.10,252.19 1 1
github.com/Pay8583/iso8583/codec.go:252.19,253.13 1 1
github.com/Pay8583/iso8583/codec.go:256.4,256.19 1 1
github.com/Pay8583/iso8583/codec.go:256.19,257.13 1 1
github.com/Pay8583/iso8583/codec.go:260.3,260.53 1 1
github.com/Pay8583/iso8583/codec.go:260.53,262.4 1 0
github.com/Pay8583/iso8583/codec.go:264.2,264.12 1 1
github.com/Pay8583/iso8583/codec.go:268.56,269.19 1 1
github.com/Pay8583/iso8583/codec.go:269.19,271.3 1 0
github.com/Pay8583/iso8583/codec.go:272.2,272.19 1 1
github.com/Pay8583/iso8583/codec.go:273.22,274.26 1 1
github.com/Pay8583/iso8583/codec.go:275.78,276.46 1 1
github.com/Pay8583/iso8583/codec.go:277.83,278.48 1 0
github.com/Pay8583/iso8583/codec.go:279.23,280.59 1 0
github.com/Pay8583/iso8583/codec.go:281.23,282.59 1 0
github.com/Pay8583/iso8583/codec.go:283.21,284.47 1 1
github.com/Pay8583/iso8583/codec.go:284.47,286.4 1 1
github.com/Pay8583/iso8583/codec.go:287.3,287.64 1 0
github.com/Pay8583/iso8583/codec.go:288.22,289.47 1 1
github.com/Pay8583/iso8583/codec.go:289.47,292.4 2 1
github.com/Pay8583/iso8583/codec.go:293.3,293.65 1 0
github.com/Pay8583/iso8583/codec.go:294.10,295.58 1 0
github.com/Pay8583/iso8583/codec.go:300.56,301.18 1 1
github.com/Pay8583/iso8583/codec.go:301.18,303.3 1 0
github.com/Pay8583/iso8583/codec.go:304.2,304.19 1 1
github.com/Pay8583/iso8583/codec.go:305.22,306.18 1 1
github.com/Pay8583/iso8583/codec.go:307.78,309.17 2 1
github.com/Pay8583/iso8583/codec.go:309.17,311.4 1 0
github.com/Pay8583/iso8583/codec.go:312.3,312.15 1 1
github.com/Pay8583/iso8583/codec.go:313.83,315.17 2 0
github.com/Pay8583/iso8583/codec.go:315.17,317.4 1 0
github.com/Pay8583/iso8583/codec.go:318.3,318.16 1 0
github.com/Pay8583/iso8583/codec.go:319.40,321.17 2 0
github.com/Pay8583/iso8583/codec.go:321.17,323.4 1 0
github.com/Pay8583/iso8583/codec.go:324.3,324.17 1 0
github.com/Pay8583/iso8583/codec.go:325.21,326.47 1 1
github.com/Pay8583/iso8583/codec.go:326.47,328.4 1 1
github.com/Pay8583/iso8583/codec.go:329.22,330.47 1 1
github.com/Pay8583/iso8583/codec.go:330.47,332.18 2 1
github.com/Pay8583/iso8583/codec.go:332.18,335.19 2 0
github.com/Pay8583/iso8583/codec.go:335.19,337.20 2 0
github.com/Pay8583/iso8583/codec.go:337.20,339.7 1 0
github.com/Pay8583/iso8583/codec.go:342.4,342.30 1 1
github.com/Pay8583/iso8583/codec.go:345.2,345.12 1 1
github.com/Pay8583/iso8583/codec.go:350.41,352.2 1 0
github.com/Pay8583/iso8583/codec.go:356.42,358.44 2 0
github.com/Pay8583/iso8583/codec.go:358.44,360.3 1 0
github.com/Pay8583/iso8583/codec.go:361.2,361.38 1 0
github.com/Pay8583/iso8583/errors.go:28.32,29.18 1 0
github.com/Pay8583/iso8583/errors.go:29.18,31.3 1 0
github.com/Pay8583/iso8583/errors.go:32.2,32.52 1 0
github.com/Pay8583/iso8583/errors.go:35.32,35.48 1 0
github.com/Pay8583/iso8583/errors.go:37.54,39.2 1 1
github.com/Pay8583/iso8583/message.go:20.52,26.2 1 1
github.com/Pay8583/iso8583/message.go:29.48,31.2 1 1
github.com/Pay8583/iso8583/message.go:34.41,36.2 1 1
github.com/Pay8583/iso8583/message.go:39.39,42.2 2 0
github.com/Pay8583/iso8583/message.go:45.37,47.2 1 0
github.com/Pay8583/iso8583/message.go:50.47,52.26 2 0
github.com/Pay8583/iso8583/message.go:52.26,53.42 1 0
github.com/Pay8583/iso8583/message.go:53.42,55.4 1 0
github.com/Pay8583/iso8583/message.go:55.9,57.4 1 0
github.com/Pay8583/iso8583/message.go:59.2,59.14 1 0
github.com/Pay8583/iso8583/message.go:63.42,65.2 1 1
github.com/Pay8583/iso8583/message.go:69.45,71.16 2 1
github.com/Pay8583/iso8583/message.go:71.16,73.3 1 0
github.com/Pay8583/iso8583/message.go:74.2,76.12 3 1
github.com/Pay8583/iso8583/mti.go:21.42,22.19 1 1
github.com/Pay8583/iso8583/mti.go:22.19,24.3 1 1
github.com/Pay8583/iso8583/mti.go:25.2,26.11 2 1
github.com/Pay8583/iso8583/mti.go:27.11,28.19 1 1
github.com/Pay8583/iso8583/mti.go:29.11,30.19 1 1
github.com/Pay8583/iso8583/mti.go:31.11,32.19 1 1
github.com/Pay8583/iso8583/mti.go:33.10,34.59 1 1
github.com/Pay8583/iso8583/mti.go:39.43,40.19 1 1
github.com/Pay8583/iso8583/mti.go:40.19,42.3 1 0
github.com/Pay8583/iso8583/mti.go:43.2,43.21 1 1
github.com/Pay8583/iso8583/mti.go:47.33,48.19 1 1
github.com/Pay8583/iso8583/mti.go:48.19,50.3 1 1
github.com/Pay8583/iso8583/mti.go:51.2,51.39 1 1
github.com/Pay8583/iso8583/mti.go:55.34,56.19 1 1
github.com/Pay8583/iso8583/mti.go:56.19,58.3 1 0
github.com/Pay8583/iso8583/mti.go:59.2,59.39 1 1
github.com/Pay8583/iso8583/pack.go:14.38,15.22 1 1
github.com/Pay8583/iso8583/pack.go:15.22,17.3 1 0
github.com/Pay8583/iso8583/pack.go:18.2,18.53 1 1
github.com/Pay8583/iso8583/pack.go:18.53,20.3 1 1
github.com/Pay8583/iso8583/pack.go:21.2,21.20 1 1
github.com/Pay8583/iso8583/pack.go:26.52,27.22 1 1
github.com/Pay8583/iso8583/pack.go:27.22,29.3 1 0
github.com/Pay8583/iso8583/pack.go:30.2,30.27 1 1
github.com/Pay8583/iso8583/pack.go:30.27,32.3 1 1
github.com/Pay8583/iso8583/pack.go:33.2,33.24 1 1
github.com/Pay8583/iso8583/pack.go:34.20,35.53 1 1
github.com/Pay8583/iso8583/pack.go:36.10,37.53 1 0
github.com/Pay8583/iso8583/pack.go:42.41,44.28 2 1
github.com/Pay8583/iso8583/pack.go:44.28,46.3 1 1
github.com/Pay8583/iso8583/pack.go:47.2,47.11 1 1
github.com/Pay8583/iso8583/pack.go:51.77,52.19 1 1
github.com/Pay8583/iso8583/pack.go:52.19,54.3 1 0
github.com/Pay8583/iso8583/pack.go:55.2,56.16 2 1
github.com/Pay8583/iso8583/pack.go:56.16,58.3 1 0
github.com/Pay8583/iso8583/pack.go:59.2,59.31 1 1
github.com/Pay8583/iso8583/pack.go:63.78,64.23 1 1
github.com/Pay8583/iso8583/pack.go:65.18,68.17 3 1
github.com/Pay8583/iso8583/pack.go:68.17,70.4 1 0
github.com/Pay8583/iso8583/pack.go:71.3,71.32 1 1
github.com/Pay8583/iso8583/pack.go:73.18,75.17 2 1
github.com/Pay8583/iso8583/pack.go:75.17,77.4 1 0
github.com/Pay8583/iso8583/pack.go:78.3,78.48 1 1
github.com/Pay8583/iso8583/pack.go:78.48,81.4 1 0
github.com/Pay8583/iso8583/pack.go:82.3,82.24 1 1
github.com/Pay8583/iso8583/pack.go:82.24,85.4 1 0
github.com/Pay8583/iso8583/pack.go:86.3,86.39 1 1
github.com/Pay8583/iso8583/pack.go:88.19,90.17 2 0
github.com/Pay8583/iso8583/pack.go:90.17,92.4 1 0
github.com/Pay8583/iso8583/pack.go:93.3,93.48 1 0
github.com/Pay8583/iso8583/pack.go:93.48,96.4 1 0
github.com/Pay8583/iso8583/pack.go:97.3,97.25 1 0
github.com/Pay8583/iso8583/pack.go:97.25,100.4 1 0
github.com/Pay8583/iso8583/pack.go:101.3,101.40 1 0
github.com/Pay8583/iso8583/pack.go:103.20,105.17 2 0
github.com/Pay8583/iso8583/pack.go:105.17,107.4 1 0
github.com/Pay8583/iso8583/pack.go:108.3,108.48 1 0
github.com/Pay8583/iso8583/pack.go:108.48,111.4 1 0
github.com/Pay8583/iso8583/pack.go:112.3,112.26 1 0
github.com/Pay8583/iso8583/pack.go:112.26,115.4 1 0
github.com/Pay8583/iso8583/pack.go:116.3,116.41 1 0
github.com/Pay8583/iso8583/pack.go:118.2,118.17 1 1
github.com/Pay8583/iso8583/pack.go:122.91,125.23 2 1
github.com/Pay8583/iso8583/pack.go:126.18,129.17 3 1
github.com/Pay8583/iso8583/pack.go:129.17,131.4 1 0
github.com/Pay8583/iso8583/pack.go:132.3,132.16 1 1
github.com/Pay8583/iso8583/pack.go:134.18,136.17 2 1
github.com/Pay8583/iso8583/pack.go:136.17,138.4 1 0
github.com/Pay8583/iso8583/pack.go:139.3,139.44 1 1
github.com/Pay8583/iso8583/pack.go:139.44,142.4 1 0
github.com/Pay8583/iso8583/pack.go:144.19,146.17 2 0
github.com/Pay8583/iso8583/pack.go:146.17,148.4 1 0
github.com/Pay8583/iso8583/pack.go:149.3,149.44 1 0
github.com/Pay8583/iso8583/pack.go:149.44,152.4 1 0
github.com/Pay8583/iso8583/pack.go:154.20,156.17 2 0
github.com/Pay8583/iso8583/pack.go:156.17,158.4 1 0
github.com/Pay8583/iso8583/pack.go:159.3,159.44 1 0
github.com/Pay8583/iso8583/pack.go:159.44,162.4 1 0
github.com/Pay8583/iso8583/pack.go:165.2,166.16 2 1
github.com/Pay8583/iso8583/pack.go:166.16,168.3 1 0
github.com/Pay8583/iso8583/pack.go:169.2,169.29 1 1
github.com/Pay8583/iso8583/pack.go:173.48,174.21 1 1
github.com/Pay8583/iso8583/pack.go:174.21,176.3 1 1
github.com/Pay8583/iso8583/pack.go:177.2,181.28 3 1
github.com/Pay8583/iso8583/pack.go:181.28,182.30 1 1
github.com/Pay8583/iso8583/pack.go:182.30,183.12 1 0
github.com/Pay8583/iso8583/pack.go:185.3,185.37 1 1
github.com/Pay8583/iso8583/pack.go:185.37,186.12 1 0
github.com/Pay8583/iso8583/pack.go:188.3,188.31 1 1
github.com/Pay8583/iso8583/pack.go:190.2,195.28 4 1
github.com/Pay8583/iso8583/pack.go:195.28,197.16 2 1
github.com/Pay8583/iso8583/pack.go:197.16,198.12 1 0
github.com/Pay8583/iso8583/pack.go:200.3,200.24 1 1
github.com/Pay8583/iso8583/pack.go:201.19,202.24 1 1
github.com/Pay8583/iso8583/pack.go:203.19,205.18 2 1
github.com/Pay8583/iso8583/pack.go:205.18,207.5 1 0
github.com/Pay8583/iso8583/pack.go:208.4,208.25 1 1
github.com/Pay8583/iso8583/pack.go:209.20,211.18 2 0
github.com/Pay8583/iso8583/pack.go:211.18,213.5 1 0
github.com/Pay8583/iso8583/pack.go:214.4,214.25 1 0
github.com/Pay8583/iso8583/pack.go:215.21,217.18 2 0
github.com/Pay8583/iso8583/pack.go:217.18,219.5 1 0
github.com/Pay8583/iso8583/pack.go:220.4,220.25 1 0
github.com/Pay8583/iso8583/pack.go:224.2,228.16 3 1
github.com/Pay8583/iso8583/pack.go:228.16,230.3 1 0
github.com/Pay8583/iso8583/pack.go:233.2,236.28 2 1
github.com/Pay8583/iso8583/pack.go:236.28,239.17 3 1
github.com/Pay8583/iso8583/pack.go:239.17,241.4 1 0
github.com/Pay8583/iso8583/pack.go:243.2,243.17 1 1
github.com/Pay8583/iso8583/pack.go:247.65,248.20 1 1
github.com/Pay8583/iso8583/pack.go:248.20,250.3 1 1
github.com/Pay8583/iso8583/pack.go:252.2,256.16 3 1
github.com/Pay8583/iso8583/pack.go:256.16,258.3 1 0
github.com/Pay8583/iso8583/pack.go:259.2,263.16 3 1
github.com/Pay8583/iso8583/pack.go:263.16,265.3 1 0
github.com/Pay8583/iso8583/pack.go:267.2,270.27 3 1
github.com/Pay8583/iso8583/pack.go:270.27,272.16 2 1
github.com/Pay8583/iso8583/pack.go:272.16,274.4 1 0
github.com/Pay8583/iso8583/pack.go:275.3,275.26 1 1
github.com/Pay8583/iso8583/pack.go:275.26,277.4 1 0
github.com/Pay8583/iso8583/pack.go:278.3,279.17 2 1
github.com/Pay8583/iso8583/pack.go:279.17,281.4 1 0
github.com/Pay8583/iso8583/pack.go:282.3,283.21 2 1
github.com/Pay8583/iso8583/pack.go:286.2,286.17 1 1
github.com/Pay8583/iso8583/sign.go:21.81,24.2 2 1
github.com/Pay8583/iso8583/sign.go:27.91,30.2 2 1
github.com/Pay8583/iso8583/sign.go:33.60,34.17 1 1
github.com/Pay8583/iso8583/sign.go:34.17,36.20 1 1
github.com/Pay8583/iso8583/sign.go:36.20,38.4 1 1
github.com/Pay8583/iso8583/sign.go:39.3,39.14 1 0
github.com/Pay8583/iso8583/sign.go:42.2,43.21 2 1
github.com/Pay8583/iso8583/sign.go:43.21,45.3 1 1
github.com/Pay8583/iso8583/sign.go:45.8,47.3 1 0
github.com/Pay8583/iso8583/sign.go:48.2,48.24 1 1
github.com/Pay8583/iso8583/sign.go:48.24,50.3 1 0
github.com/Pay8583/iso8583/sign.go:51.2,53.25 2 1
github.com/Pay8583/iso8583/sign.go:53.25,55.24 1 0
github.com/Pay8583/iso8583/sign.go:55.24,57.52 2 0
github.com/Pay8583/iso8583/sign.go:57.52,59.5 1 0
github.com/Pay8583/iso8583/sign.go:60.4,60.27 1 0
github.com/Pay8583/iso8583/sign.go:60.27,62.5 1 0
github.com/Pay8583/iso8583/sign.go:62.10,64.5 1 0
github.com/Pay8583/iso8583/sign.go:67.2,67.16 1 1
github.com/Pay8583/iso8583/tag.go:32.47,34.21 2 1
github.com/Pay8583/iso8583/tag.go:34.21,36.3 1 0
github.com/Pay8583/iso8583/tag.go:38.2,41.20 3 1
github.com/Pay8583/iso8583/tag.go:41.20,43.3 1 1
github.com/Pay8583/iso8583/tag.go:43.8,45.17 2 1
github.com/Pay8583/iso8583/tag.go:45.17,47.4 1 1
github.com/Pay8583/iso8583/tag.go:48.3,48.23 1 1
github.com/Pay8583/iso8583/tag.go:48.23,50.4 1 1
github.com/Pay8583/iso8583/tag.go:51.3,51.21 1 1
github.com/Pay8583/iso8583/tag.go:54.2,54.30 1 1
github.com/Pay8583/iso8583/tag.go:54.30,56.14 2 1
github.com/Pay8583/iso8583/tag.go:56.14,57.12 1 0
github.com/Pay8583/iso8583/tag.go:59.3,59.10 1 1
github.com/Pay8583/iso8583/tag.go:60.21,61.30 1 1
github.com/Pay8583/iso8583/tag.go:62.22,63.31 1 0
github.com/Pay8583/iso8583/tag.go:64.23,65.32 1 0
github.com/Pay8583/iso8583/tag.go:66.63,67.22 1 1
github.com/Pay8583/iso8583/tag.go:68.23,69.33 1 1
github.com/Pay8583/iso8583/tag.go:70.21,71.31 1 0
github.com/Pay8583/iso8583/tag.go:72.22,73.32 1 0
github.com/Pay8583/iso8583/tag.go:74.24,75.22 1 1
github.com/Pay8583/iso8583/tag.go:76.37,78.18 2 1
github.com/Pay8583/iso8583/tag.go:78.18,80.5 1 0
github.com/Pay8583/iso8583/tag.go:81.4,81.19 1 1
github.com/Pay8583/iso8583/tag.go:82.37,84.18 2 0
github.com/Pay8583/iso8583/tag.go:84.18,86.5 1 0
github.com/Pay8583/iso8583/tag.go:87.4,87.17 1 0
github.com/Pay8583/iso8583/tag.go:88.37,90.18 2 1
github.com/Pay8583/iso8583/tag.go:90.18,92.5 1 0
github.com/Pay8583/iso8583/tag.go:93.4,93.17 1 1
github.com/Pay8583/iso8583/tag.go:94.38,95.38 1 1
github.com/Pay8583/iso8583/tag.go:96.11,97.53 1 1
github.com/Pay8583/iso8583/tag.go:100.2,100.16 1 1
github.com/Pay8583/iso8583/tag.go:105.75,106.15 1 1
github.com/Pay8583/iso8583/tag.go:106.15,108.3 1 0
github.com/Pay8583/iso8583/tag.go:109.2,110.24 2 1
github.com/Pay8583/iso8583/tag.go:110.24,112.3 1 1
github.com/Pay8583/iso8583/tag.go:113.2,113.25 1 1
github.com/Pay8583/iso8583/tag.go:113.25,115.3 1 0
github.com/Pay8583/iso8583/tag.go:116.2,116.26 1 1
github.com/Pay8583/iso8583/tag.go:116.26,117.50 1 1
github.com/Pay8583/iso8583/tag.go:117.50,119.4 1 1
github.com/Pay8583/iso8583/tag.go:121.2,121.22 1 1
github.com/Pay8583/iso8583/tag.go:121.22,123.3 1 1
github.com/Pay8583/iso8583/tag.go:124.2,124.20 1 1
github.com/Pay8583/iso8583/tag.go:124.20,126.3 1 0
github.com/Pay8583/iso8583/tag.go:127.2,127.20 1 1
github.com/Pay8583/iso8583/tag.go:127.20,129.3 1 1
github.com/Pay8583/iso8583/tag.go:130.2,130.17 1 1
github.com/Pay8583/iso8583/tag.go:130.17,132.3 1 1
github.com/Pay8583/iso8583/tag.go:133.2,133.19 1 1
github.com/Pay8583/iso8583/tag.go:133.19,135.3 1 0
github.com/Pay8583/iso8583/tag.go:136.2,136.13 1 1
github.com/Pay8583/iso8583/encoding/ascii.go:7.28,7.46 1 1
github.com/Pay8583/iso8583/encoding/ascii.go:9.51,10.21 1 1
github.com/Pay8583/iso8583/encoding/ascii.go:10.21,12.3 1 1
github.com/Pay8583/iso8583/encoding/ascii.go:13.2,13.27 1 1
github.com/Pay8583/iso8583/encoding/ascii.go:16.50,17.20 1 1
github.com/Pay8583/iso8583/encoding/ascii.go:17.20,19.3 1 1
github.com/Pay8583/iso8583/encoding/ascii.go:20.2,20.26 1 1
github.com/Pay8583/iso8583/encoding/ascii.go:23.13,23.34 1 1
github.com/Pay8583/iso8583/encoding/bcd.go:13.26,13.42 1 1
github.com/Pay8583/iso8583/encoding/bcd.go:15.49,17.12 2 1
github.com/Pay8583/iso8583/encoding/bcd.go:17.12,19.3 1 1
github.com/Pay8583/iso8583/encoding/bcd.go:20.2,20.19 1 1
github.com/Pay8583/iso8583/encoding/bcd.go:20.19,21.39 1 1
github.com/Pay8583/iso8583/encoding/bcd.go:21.39,23.4 1 1
github.com/Pay8583/iso8583/encoding/bcd.go:25.2,28.14 4 1
github.com/Pay8583/iso8583/encoding/bcd.go:28.14,32.3 3 1
github.com/Pay8583/iso8583/encoding/bcd.go:33.2,33.37 1 1
github.com/Pay8583/iso8583/encoding/bcd.go:33.37,36.3 2 1
github.com/Pay8583/iso8583/encoding/bcd.go:37.2,37.17 1 1
github.com/Pay8583/iso8583/encoding/bcd.go:40.48,41.20 1 1
github.com/Pay8583/iso8583/encoding/bcd.go:41.20,43.3 1 0
github.com/Pay8583/iso8583/encoding/bcd.go:44.2,46.25 3 1
github.com/Pay8583/iso8583/encoding/bcd.go:46.25,49.3 2 1
github.com/Pay8583/iso8583/encoding/bcd.go:50.2,50.25 1 1
github.com/Pay8583/iso8583/encoding/bcd.go:53.13,53.32 1 1
github.com/Pay8583/iso8583/encoding/binary.go:9.29,9.48 1 1
github.com/Pay8583/iso8583/encoding/binary.go:11.52,12.21 1 1
github.com/Pay8583/iso8583/encoding/binary.go:12.21,14.3 1 1
github.com/Pay8583/iso8583/encoding/binary.go:15.2,15.27 1 1
github.com/Pay8583/iso8583/encoding/binary.go:18.51,19.20 1 1
github.com/Pay8583/iso8583/encoding/binary.go:19.20,21.3 1 1
github.com/Pay8583/iso8583/encoding/binary.go:22.2,22.26 1 1
github.com/Pay8583/iso8583/encoding/binary.go:25.13,25.35 1 1
github.com/Pay8583/iso8583/encoding/ebcdic.go:32.13,33.31 1 1
github.com/Pay8583/iso8583/encoding/ebcdic.go:33.31,35.3 1 1
github.com/Pay8583/iso8583/encoding/ebcdic.go:36.2,36.20 1 1
github.com/Pay8583/iso8583/encoding/ebcdic.go:41.29,41.48 1 1
github.com/Pay8583/iso8583/encoding/ebcdic.go:43.52,44.21 1 1
github.com/Pay8583/iso8583/encoding/ebcdic.go:44.21,46.3 1 1
github.com/Pay8583/iso8583/encoding/ebcdic.go:47.2,48.28 2 1
github.com/Pay8583/iso8583/encoding/ebcdic.go:48.28,50.14 2 1
github.com/Pay8583/iso8583/encoding/ebcdic.go:50.14,52.4 1 1
github.com/Pay8583/iso8583/encoding/ebcdic.go:53.3,53.20 1 1
github.com/Pay8583/iso8583/encoding/ebcdic.go:55.2,55.17 1 1
github.com/Pay8583/iso8583/encoding/ebcdic.go:58.51,59.20 1 1
github.com/Pay8583/iso8583/encoding/ebcdic.go:59.20,61.3 1 1
github.com/Pay8583/iso8583/encoding/ebcdic.go:62.2,63.25 2 1
github.com/Pay8583/iso8583/encoding/ebcdic.go:63.25,65.23 2 1
github.com/Pay8583/iso8583/encoding/ebcdic.go:65.23,67.4 1 0
github.com/Pay8583/iso8583/encoding/ebcdic.go:68.3,68.13 1 1
github.com/Pay8583/iso8583/encoding/ebcdic.go:70.2,70.25 1 1
github.com/Pay8583/iso8583/encoding/encoding.go:15.26,16.37 1 1
github.com/Pay8583/iso8583/encoding/encoding.go:16.37,17.57 1 0
github.com/Pay8583/iso8583/encoding/encoding.go:19.2,19.24 1 1
github.com/Pay8583/iso8583/encoding/encoding.go:23.31,25.2 1 1
github.com/Pay8583/iso8583/encoding/encoding.go:28.35,30.14 2 1
github.com/Pay8583/iso8583/encoding/encoding.go:30.14,31.46 1 0
github.com/Pay8583/iso8583/encoding/encoding.go:33.2,33.10 1 1
github.com/Pay8583/iso8583/padding/iso9797.go:11.32,11.54 1 1
github.com/Pay8583/iso8583/padding/iso9797.go:13.66,14.38 1 1
github.com/Pay8583/iso8583/padding/iso9797.go:14.38,16.3 1 0
github.com/Pay8583/iso8583/padding/iso9797.go:17.2,18.25 2 1
github.com/Pay8583/iso8583/padding/iso9797.go:18.25,20.3 1 1
github.com/Pay8583/iso8583/padding/iso9797.go:21.2,23.17 3 1
github.com/Pay8583/iso8583/padding/iso9797.go:26.68,27.48 1 1
github.com/Pay8583/iso8583/padding/iso9797.go:27.48,29.3 1 0
github.com/Pay8583/iso8583/padding/iso9797.go:31.2,32.29 2 1
github.com/Pay8583/iso8583/padding/iso9797.go:32.29,34.3 1 1
github.com/Pay8583/iso8583/padding/iso9797.go:35.2,35.24 1 1
github.com/Pay8583/iso8583/padding/iso9797.go:41.32,41.54 1 1
github.com/Pay8583/iso8583/padding/iso9797.go:43.66,44.38 1 1
github.com/Pay8583/iso8583/padding/iso9797.go:44.38,46.3 1 0
github.com/Pay8583/iso8583/padding/iso9797.go:47.2,51.24 5 1
github.com/Pay8583/iso8583/padding/iso9797.go:51.24,53.3 1 1
github.com/Pay8583/iso8583/padding/iso9797.go:54.2,54.17 1 1
github.com/Pay8583/iso8583/padding/iso9797.go:57.68,58.48 1 1
github.com/Pay8583/iso8583/padding/iso9797.go:58.48,60.3 1 0
github.com/Pay8583/iso8583/padding/iso9797.go:61.2,62.32 2 1
github.com/Pay8583/iso8583/padding/iso9797.go:62.32,64.3 1 1
github.com/Pay8583/iso8583/padding/iso9797.go:65.2,65.30 1 1
github.com/Pay8583/iso8583/padding/iso9797.go:65.30,67.3 1 0
github.com/Pay8583/iso8583/padding/iso9797.go:68.2,68.22 1 1
github.com/Pay8583/iso8583/padding/iso9797.go:74.31,74.52 1 1
github.com/Pay8583/iso8583/padding/iso9797.go:76.65,77.38 1 1
github.com/Pay8583/iso8583/padding/iso9797.go:77.38,79.3 1 0
github.com/Pay8583/iso8583/padding/iso9797.go:80.2,83.16 4 1
github.com/Pay8583/iso8583/padding/iso9797.go:83.16,84.75 1 1
github.com/Pay8583/iso8583/padding/iso9797.go:84.75,86.4 1 0
github.com/Pay8583/iso8583/padding/iso9797.go:88.2,89.17 2 1
github.com/Pay8583/iso8583/padding/iso9797.go:92.67,93.48 1 1
github.com/Pay8583/iso8583/padding/iso9797.go:93.48,95.3 1 0
github.com/Pay8583/iso8583/padding/iso9797.go:96.2,97.61 2 1
github.com/Pay8583/iso8583/padding/iso9797.go:97.61,99.3 1 0
github.com/Pay8583/iso8583/padding/iso9797.go:100.2,100.37 1 1
github.com/Pay8583/iso8583/padding/iso9797.go:106.27,106.44 1 1
github.com/Pay8583/iso8583/padding/iso9797.go:108.61,109.38 1 1
github.com/Pay8583/iso8583/padding/iso9797.go:109.38,111.3 1 0
github.com/Pay8583/iso8583/padding/iso9797.go:112.2,113.25 2 1
github.com/Pay8583/iso8583/padding/iso9797.go:113.25,115.3 1 0
github.com/Pay8583/iso8583/padding/iso9797.go:116.2,118.17 3 1
github.com/Pay8583/iso8583/padding/iso9797.go:121.63,122.48 1 1
github.com/Pay8583/iso8583/padding/iso9797.go:122.48,124.3 1 0
github.com/Pay8583/iso8583/padding/iso9797.go:125.2,126.29 2 1
github.com/Pay8583/iso8583/padding/iso9797.go:126.29,128.3 1 1
github.com/Pay8583/iso8583/padding/iso9797.go:129.2,129.24 1 1
github.com/Pay8583/iso8583/padding/iso9797.go:132.13,137.2 4 1
github.com/Pay8583/iso8583/padding/padding.go:20.25,21.37 1 1
github.com/Pay8583/iso8583/padding/padding.go:21.37,22.55 1 0
github.com/Pay8583/iso8583/padding/padding.go:24.2,24.24 1 1
github.com/Pay8583/iso8583/padding/padding.go:28.30,30.2 1 1
github.com/Pay8583/iso8583/padding/pkcs7.go:8.28,8.46 1 1
github.com/Pay8583/iso8583/padding/pkcs7.go:10.62,11.38 1 1
github.com/Pay8583/iso8583/padding/pkcs7.go:11.38,13.3 1 0
github.com/Pay8583/iso8583/padding/pkcs7.go:14.2,17.40 4 1
github.com/Pay8583/iso8583/padding/pkcs7.go:17.40,19.3 1 1
github.com/Pay8583/iso8583/padding/pkcs7.go:20.2,20.17 1 1
github.com/Pay8583/iso8583/padding/pkcs7.go:23.64,24.48 1 1
github.com/Pay8583/iso8583/padding/pkcs7.go:24.48,26.3 1 1
github.com/Pay8583/iso8583/padding/pkcs7.go:27.2,28.61 2 1
github.com/Pay8583/iso8583/padding/pkcs7.go:28.61,30.3 1 1
github.com/Pay8583/iso8583/padding/pkcs7.go:31.2,31.50 1 1
github.com/Pay8583/iso8583/padding/pkcs7.go:31.50,32.30 1 1
github.com/Pay8583/iso8583/padding/pkcs7.go:32.30,34.4 1 0
github.com/Pay8583/iso8583/padding/pkcs7.go:36.2,36.37 1 1
github.com/Pay8583/iso8583/padding/pkcs7.go:39.13,39.34 1 1
github.com/Pay8583/iso8583/spec/1987.go:8.13,58.24 10 1
github.com/Pay8583/iso8583/spec/1987.go:58.24,60.3 1 1
github.com/Pay8583/iso8583/spec/1987.go:62.2,63.17 2 1
github.com/Pay8583/iso8583/spec/1993.go:7.13,77.24 10 1
github.com/Pay8583/iso8583/spec/1993.go:77.24,79.3 1 1
github.com/Pay8583/iso8583/spec/1993.go:81.2,82.17 2 1
github.com/Pay8583/iso8583/spec/2003.go:7.13,31.2 9 1
github.com/Pay8583/iso8583/spec/registry.go:15.30,18.35 3 1
github.com/Pay8583/iso8583/spec/registry.go:18.35,20.3 1 0
github.com/Pay8583/iso8583/spec/registry.go:21.2,22.12 2 1
github.com/Pay8583/iso8583/spec/registry.go:26.28,27.36 1 1
github.com/Pay8583/iso8583/spec/registry.go:27.36,28.13 1 0
github.com/Pay8583/iso8583/spec/registry.go:33.38,37.9 4 1
github.com/Pay8583/iso8583/spec/registry.go:37.9,39.3 1 0
github.com/Pay8583/iso8583/spec/registry.go:40.2,40.15 1 1
github.com/Pay8583/iso8583/spec/registry.go:44.33,46.16 2 1
github.com/Pay8583/iso8583/spec/registry.go:46.16,47.13 1 0
github.com/Pay8583/iso8583/spec/registry.go:49.2,49.10 1 1
github.com/Pay8583/iso8583/spec/registry.go:53.22,57.26 4 0
github.com/Pay8583/iso8583/spec/registry.go:57.26,59.3 1 0
github.com/Pay8583/iso8583/spec/registry.go:60.2,60.14 1 0
github.com/Pay8583/iso8583/spec/spec.go:53.42,60.2 1 1
github.com/Pay8583/iso8583/spec/spec.go:63.30,73.29 2 1
github.com/Pay8583/iso8583/spec/spec.go:73.29,76.3 2 1
github.com/Pay8583/iso8583/spec/spec.go:77.2,77.10 1 1
github.com/Pay8583/iso8583/spec/spec.go:81.50,84.24 3 1
github.com/Pay8583/iso8583/spec/spec.go:84.24,86.3 1 1
github.com/Pay8583/iso8583/spec/spec.go:90.39,92.2 1 0
github.com/Pay8583/iso8583/spec/spec.go:95.53,98.24 3 1
github.com/Pay8583/iso8583/spec/spec.go:98.24,100.3 1 0
github.com/Pay8583/iso8583/spec/spec.go:104.47,106.2 1 1
github.com/Pay8583/iso8583/cmd/iso8583gen/generator.go:32.71,35.16 3 1
github.com/Pay8583/iso8583/cmd/iso8583gen/generator.go:35.16,37.3 1 0
github.com/Pay8583/iso8583/cmd/iso8583gen/generator.go:39.2,41.30 3 1
github.com/Pay8583/iso8583/cmd/iso8583gen/generator.go:41.30,43.3 1 1
github.com/Pay8583/iso8583/cmd/iso8583gen/generator.go:45.2,46.31 2 1
github.com/Pay8583/iso8583/cmd/iso8583gen/generator.go:46.31,48.34 2 1
github.com/Pay8583/iso8583/cmd/iso8583gen/generator.go:48.34,49.12 1 0
github.com/Pay8583/iso8583/cmd/iso8583gen/generator.go:51.3,51.33 1 1
github.com/Pay8583/iso8583/cmd/iso8583gen/generator.go:51.33,53.11 2 1
github.com/Pay8583/iso8583/cmd/iso8583gen/generator.go:53.11,54.13 1 0
github.com/Pay8583/iso8583/cmd/iso8583gen/generator.go:56.4,56.27 1 1
github.com/Pay8583/iso8583/cmd/iso8583gen/generator.go:56.27,57.13 1 0
github.com/Pay8583/iso8583/cmd/iso8583gen/generator.go:59.4,60.11 2 1
github.com/Pay8583/iso8583/cmd/iso8583gen/generator.go:60.11,61.13 1 0
github.com/Pay8583/iso8583/cmd/iso8583gen/generator.go:63.4,64.39 2 1
github.com/Pay8583/iso8583/cmd/iso8583gen/generator.go:64.39,65.23 1 1
github.com/Pay8583/iso8583/cmd/iso8583gen/generator.go:65.23,66.14 1 0
github.com/Pay8583/iso8583/cmd/iso8583gen/generator.go:68.5,71.21 4 1
github.com/Pay8583/iso8583/cmd/iso8583gen/generator.go:71.21,72.14 1 0
github.com/Pay8583/iso8583/cmd/iso8583gen/generator.go:74.5,79.61 2 1
github.com/Pay8583/iso8583/cmd/iso8583gen/generator.go:79.61,81.6 1 1
github.com/Pay8583/iso8583/cmd/iso8583gen/generator.go:81.11,84.42 3 1
github.com/Pay8583/iso8583/cmd/iso8583gen/generator.go:84.42,86.7 1 1
github.com/Pay8583/iso8583/cmd/iso8583gen/generator.go:88.5,88.38 1 1
github.com/Pay8583/iso8583/cmd/iso8583gen/generator.go:90.4,90.33 1 1
github.com/Pay8583/iso8583/cmd/iso8583gen/generator.go:94.2,94.23 1 1
github.com/Pay8583/iso8583/cmd/iso8583gen/generator.go:94.23,96.3 1 0
github.com/Pay8583/iso8583/cmd/iso8583gen/generator.go:98.2,100.16 3 1
github.com/Pay8583/iso8583/cmd/iso8583gen/generator.go:100.16,103.3 2 0
github.com/Pay8583/iso8583/cmd/iso8583gen/generator.go:105.2,105.66 1 1
github.com/Pay8583/iso8583/cmd/iso8583gen/generator.go:105.66,107.3 1 0
github.com/Pay8583/iso8583/cmd/iso8583gen/generator.go:108.2,109.12 2 1
github.com/Pay8583/iso8583/cmd/iso8583gen/generator.go:115.48,117.14 2 1
github.com/Pay8583/iso8583/cmd/iso8583gen/generator.go:117.14,118.33 1 1
github.com/Pay8583/iso8583/cmd/iso8583gen/generator.go:118.33,120.4 1 0
github.com/Pay8583/iso8583/cmd/iso8583gen/generator.go:121.3,121.14 1 1
github.com/Pay8583/iso8583/cmd/iso8583gen/generator.go:121.14,122.9 1 0
github.com/Pay8583/iso8583/cmd/iso8583gen/generator.go:124.3,125.63 2 1
github.com/Pay8583/iso8583/cmd/iso8583gen/generator.go:125.63,127.4 1 1
github.com/Pay8583/iso8583/cmd/iso8583gen/generator.go:128.3,128.45 1 1
github.com/Pay8583/iso8583/cmd/iso8583gen/generator.go:128.45,129.9 1 0
github.com/Pay8583/iso8583/cmd/iso8583gen/generator.go:131.3,132.15 2 1
github.com/Pay8583/iso8583/cmd/iso8583gen/generator.go:132.15,134.33 2 0
github.com/Pay8583/iso8583/cmd/iso8583gen/generator.go:134.33,136.35 2 0
github.com/Pay8583/iso8583/cmd/iso8583gen/generator.go:136.35,138.6 1 0
github.com/Pay8583/iso8583/cmd/iso8583gen/generator.go:139.5,139.19 1 0
github.com/Pay8583/iso8583/cmd/iso8583gen/generator.go:139.19,141.6 1 0
github.com/Pay8583/iso8583/cmd/iso8583gen/generator.go:143.4,143.12 1 0
github.com/Pay8583/iso8583/cmd/iso8583gen/generator.go:145.3,146.33 2 1
github.com/Pay8583/iso8583/cmd/iso8583gen/generator.go:146.33,147.9 1 0
github.com/Pay8583/iso8583/cmd/iso8583gen/generator.go:149.3,151.33 3 1
github.com/Pay8583/iso8583/cmd/iso8583gen/generator.go:151.33,153.4 1 1
github.com/Pay8583/iso8583/cmd/iso8583gen/generator.go:154.3,154.15 1 1
github.com/Pay8583/iso8583/cmd/iso8583gen/generator.go:156.2,156.11 1 0
github.com/Pay8583/iso8583/cmd/iso8583gen/generator.go:160.37,161.26 1 1
github.com/Pay8583/iso8583/cmd/iso8583gen/generator.go:162.18,163.16 1 1
github.com/Pay8583/iso8583/cmd/iso8583gen/generator.go:164.21,165.29 1 0
github.com/Pay8583/iso8583/cmd/iso8583gen/generator.go:166.25,167.42 1 0
github.com/Pay8583/iso8583/cmd/iso8583gen/generator.go:168.22,169.19 1 0
github.com/Pay8583/iso8583/cmd/iso8583gen/generator.go:169.19,171.4 1 0
github.com/Pay8583/iso8583/cmd/iso8583gen/generator.go:172.3,172.55 1 0
github.com/Pay8583/iso8583/cmd/iso8583gen/generator.go:173.21,174.17 1 0
github.com/Pay8583/iso8583/cmd/iso8583gen/generator.go:175.10,176.33 1 0
github.com/Pay8583/iso8583/cmd/iso8583gen/generator.go:181.38,183.2 1 1
github.com/Pay8583/iso8583/cmd/iso8583gen/generator.go:186.35,187.16 1 1
github.com/Pay8583/iso8583/cmd/iso8583gen/generator.go:189.49,190.14 1 1
github.com/Pay8583/iso8583/cmd/iso8583gen/generator.go:192.2,192.14 1 0
github.com/Pay8583/iso8583/cmd/iso8583gen/generator.go:196.38,198.2 1 0
github.com/Pay8583/iso8583/cmd/iso8583gen/generator.go:201.38,203.9 2 1
github.com/Pay8583/iso8583/cmd/iso8583gen/generator.go:204.29,205.25 1 1
github.com/Pay8583/iso8583/cmd/iso8583gen/generator.go:206.26,207.24 1 1
github.com/Pay8583/iso8583/cmd/iso8583gen/generator.go:208.29,209.26 1 0
github.com/Pay8583/iso8583/cmd/iso8583gen/generator.go:210.10,211.16 1 0
github.com/Pay8583/iso8583/cmd/iso8583gen/generator.go:217.66,229.29 5 1
github.com/Pay8583/iso8583/cmd/iso8583gen/generator.go:229.29,232.3 2 1
github.com/Pay8583/iso8583/cmd/iso8583gen/generator.go:233.2,233.19 1 1
github.com/Pay8583/iso8583/cmd/iso8583gen/generator.go:236.59,239.27 3 1
github.com/Pay8583/iso8583/cmd/iso8583gen/generator.go:239.27,240.25 1 1
github.com/Pay8583/iso8583/cmd/iso8583gen/generator.go:240.25,243.4 2 1
github.com/Pay8583/iso8583/cmd/iso8583gen/generator.go:243.9,245.4 1 1
github.com/Pay8583/iso8583/cmd/iso8583gen/generator.go:247.2,247.41 1 1
github.com/Pay8583/iso8583/cmd/iso8583gen/generator.go:247.41,247.91 1 1
github.com/Pay8583/iso8583/cmd/iso8583gen/generator.go:249.2,255.16 2 1
github.com/Pay8583/iso8583/cmd/iso8583gen/generator.go:255.16,258.3 1 1
github.com/Pay8583/iso8583/cmd/iso8583gen/generator.go:258.8,261.3 1 0
github.com/Pay8583/iso8583/cmd/iso8583gen/generator.go:264.2,265.27 2 1
github.com/Pay8583/iso8583/cmd/iso8583gen/generator.go:265.27,268.13 3 1
github.com/Pay8583/iso8583/cmd/iso8583gen/generator.go:268.13,270.4 1 0
github.com/Pay8583/iso8583/cmd/iso8583gen/generator.go:271.3,272.14 2 1
github.com/Pay8583/iso8583/cmd/iso8583gen/generator.go:272.14,274.4 1 1
github.com/Pay8583/iso8583/cmd/iso8583gen/generator.go:274.9,276.4 1 0
github.com/Pay8583/iso8583/cmd/iso8583gen/generator.go:277.3,277.24 1 1
github.com/Pay8583/iso8583/cmd/iso8583gen/generator.go:281.2,301.27 3 1
github.com/Pay8583/iso8583/cmd/iso8583gen/generator.go:301.27,312.3 1 1
github.com/Pay8583/iso8583/cmd/iso8583gen/generator.go:314.2,314.43 1 1
github.com/Pay8583/iso8583/cmd/iso8583gen/generator.go:317.61,320.27 3 1
github.com/Pay8583/iso8583/cmd/iso8583gen/generator.go:320.27,321.25 1 1
github.com/Pay8583/iso8583/cmd/iso8583gen/generator.go:321.25,324.4 2 1
github.com/Pay8583/iso8583/cmd/iso8583gen/generator.go:324.9,326.4 1 1
github.com/Pay8583/iso8583/cmd/iso8583gen/generator.go:328.2,328.41 1 1
github.com/Pay8583/iso8583/cmd/iso8583gen/generator.go:328.41,328.91 1 1
github.com/Pay8583/iso8583/cmd/iso8583gen/generator.go:330.2,335.16 2 1
github.com/Pay8583/iso8583/cmd/iso8583gen/generator.go:335.16,338.3 1 1
github.com/Pay8583/iso8583/cmd/iso8583gen/generator.go:340.2,347.27 2 1
github.com/Pay8583/iso8583/cmd/iso8583gen/generator.go:347.27,357.3 1 1
github.com/Pay8583/iso8583/cmd/iso8583gen/generator.go:359.2,359.38 1 1
github.com/Pay8583/iso8583/cmd/iso8583gen/main.go:20.13,26.27 5 0
github.com/Pay8583/iso8583/cmd/iso8583gen/main.go:26.27,30.3 3 0
github.com/Pay8583/iso8583/cmd/iso8583gen/main.go:31.2,31.22 1 0
github.com/Pay8583/iso8583/cmd/iso8583gen/main.go:31.22,35.3 3 0
github.com/Pay8583/iso8583/cmd/iso8583gen/main.go:37.2,39.19 3 0
github.com/Pay8583/iso8583/cmd/iso8583gen/main.go:39.19,41.3 1 0
github.com/Pay8583/iso8583/cmd/iso8583gen/main.go:43.2,43.66 1 0
github.com/Pay8583/iso8583/cmd/iso8583gen/main.go:43.66,46.3 2 0
github.com/Pay8583/iso8583/cmd/iso8583gen/main.go:53.36,53.66 1 0
github.com/Pay8583/iso8583/cmd/iso8583gen/main.go:55.40,56.13 1 0
github.com/Pay8583/iso8583/cmd/iso8583gen/main.go:56.13,58.3 1 0
github.com/Pay8583/iso8583/cmd/iso8583gen/main.go:59.2,60.12 2 0
github.com/Pay8583/iso8583/internal/field/field.go:19.57,20.24 1 1
github.com/Pay8583/iso8583/internal/field/field.go:20.24,22.3 1 1
github.com/Pay8583/iso8583/internal/field/field.go:23.2,23.27 1 1
github.com/Pay8583/iso8583/internal/field/field.go:28.67,29.19 1 1
github.com/Pay8583/iso8583/internal/field/field.go:29.19,31.3 1 0
github.com/Pay8583/iso8583/internal/field/field.go:32.2,34.26 3 1
github.com/Pay8583/iso8583/internal/field/field.go:34.26,36.3 1 1
github.com/Pay8583/iso8583/internal/field/field.go:37.2,37.40 1 1
github.com/Pay8583/iso8583/internal/field/field.go:41.68,42.19 1 1
github.com/Pay8583/iso8583/internal/field/field.go:42.19,44.3 1 0
github.com/Pay8583/iso8583/internal/field/field.go:45.2,47.26 3 1
github.com/Pay8583/iso8583/internal/field/field.go:47.26,49.3 1 0
github.com/Pay8583/iso8583/internal/field/field.go:50.2,50.40 1 1
github.com/Pay8583/iso8583/internal/field/field.go:54.69,55.19 1 1
github.com/Pay8583/iso8583/internal/field/field.go:55.19,57.3 1 0
github.com/Pay8583/iso8583/internal/field/field.go:58.2,60.26 3 1
github.com/Pay8583/iso8583/internal/field/field.go:60.26,62.3 1 0
github.com/Pay8583/iso8583/internal/field/field.go:63.2,63.40 1 1
github.com/Pay8583/iso8583/internal/field/field.go:70.53,71.24 1 1
github.com/Pay8583/iso8583/internal/field/field.go:71.24,73.3 1 0
github.com/Pay8583/iso8583/internal/field/field.go:74.2,76.31 3 1
github.com/Pay8583/iso8583/internal/field/field.go:80.41,83.2 2 1
github.com/Pay8583/iso8583/internal/field/field.go:86.42,89.2 2 1
github.com/Pay8583/iso8583/internal/field/field.go:92.43,96.2 3 1
